
OLVM FQDN: olvm.nanops.cloud

          --== SUMMARY ==--
         
[ INFO  ] No need to restart fapolicyd because it is not running.
[ INFO  ] Starting dwh service
[ INFO  ] Starting Grafana service
[ INFO  ] Restarting ovirt-vmconsole proxy service
          To login to oVirt using Keycloak SSO, enter 'admin@ovirt' as username and the password provided during Setup
          To login to Keycloak Administration Console enter 'admin' as username and the password provided during Setup
          Web access for Keycloak Administration Console is enabled at:
              https://olvm.nanops.cloud/ovirt-engine-auth/admin
          Web access is enabled at:
              http://olvm.nanops.cloud:80/ovirt-engine
              https://olvm.nanops.cloud:443/ovirt-engine
          Internal CA fingerprint: SHA256: 1B:0B:24:4A:08:6B:ED:A8:F3:AE:54:3C:4C:62:45:16:2D:76:97:43:81:FD:27:58:F4:2D:F6:5E:47:B9:37:11
          SSH fingerprint: SHA256:q8D0SBKtX4Aq7maTpK49q9R33TE+qfQY60TVR5+NGVA
[ INFO  ] Starting engine service
[WARNING] Less than 16384MB of memory is available
          Web access for grafana is enabled at:
              https://olvm.nanops.cloud/ovirt-engine-grafana/
          Please run the following command on the engine machine olvm.nanops.cloud, for SSO to work:
          systemctl restart ovirt-engine
         
          --== END OF SUMMARY ==--
